<html>
<body>
<pre>
<h1>µVision Build Log</h1>
<h2>Tool Versions:</h2>
IDE-Version: µVision V5.33.0.0
Copyright (C) 2020 ARM Ltd and ARM Germany GmbH. All rights reserved.
License Information: Rebai Mohamed, HP Inc., LIC=----
 
Tool Versions:
Toolchain:       MDK-Lite  Version: 5.33.0.0
Toolchain Path:  D:\STM\ARM\ARMCC\Bin
C Compiler:      Armcc.exe V5.06 update 7 (build 960)
Assembler:       Armasm.exe V5.06 update 7 (build 960)
Linker/Locator:  ArmLink.exe V5.06 update 7 (build 960)
Library Manager: ArmAr.exe V5.06 update 7 (build 960)
Hex Converter:   FromElf.exe V5.06 update 7 (build 960)
CPU DLL:         SARMCM3.DLL V5.33.0.0
Dialog DLL:      DARMSTM.DLL V1.68.0.0
Target DLL:      STLink\ST-LINKIII-KEIL_SWO.dll V3.0.5.0
Dialog DLL:      TCM.DLL V1.48.0.0
 
<h2>Project:</h2>
D:\Kraya\INSAT\GL3\GL3-ArchitectureMaterielles\Mini-Projet\Mini_Projet-Keil\Project\ARM_MDK\manip.uvprojx
Project File Date:  12/21/2023

<h2>Output:</h2>
*** Using Compiler 'V5.06 update 7 (build 960)', folder: 'D:\STM\ARM\ARMCC\Bin'
Rebuild target 'Target 1'
compiling utils.c...
..\utils.h(4): warning:  #1295-D: Deprecated declaration buildTransmitMessage - give arg types
  void buildTransmitMessage();
..\utils.h(6): warning:  #1295-D: Deprecated declaration DataExtracted - give arg types
  int DataExtracted();
..\utils.h(9): warning:  #1-D: last line of file ends without a newline
  #endif
..\utils.c: 3 warnings, 0 errors
compiling core_cm3.c...
compiling main.c...
..\utils.h(4): warning:  #1295-D: Deprecated declaration buildTransmitMessage - give arg types
  void buildTransmitMessage();
..\utils.h(6): warning:  #1295-D: Deprecated declaration DataExtracted - give arg types
  int DataExtracted();
..\utils.h(9): warning:  #1-D: last line of file ends without a newline
  #endif
..\main.c(239): warning:  #1-D: last line of file ends without a newline
  	
..\main.c: 4 warnings, 0 errors
assembling startup_stm32f10x_md.s...
compiling system_stm32f10x.c...
compiling stm32f10x_usart.c...
compiling misc.c...
compiling stm32f10x_exti.c...
compiling stm32f10x_dma.c...
compiling stm32f10x_gpio.c...
compiling stm32f10x_it.c...
..\utils.h(4): warning:  #1295-D: Deprecated declaration buildTransmitMessage - give arg types
  void buildTransmitMessage();
..\utils.h(6): warning:  #1295-D: Deprecated declaration DataExtracted - give arg types
  int DataExtracted();
..\utils.h(9): warning:  #1-D: last line of file ends without a newline
  #endif
..\stm32f10x_it.c: 3 warnings, 0 errors
compiling stm32f10x_rcc.c...
linking...
Program Size: Code=5040 RO-data=268 RW-data=80 ZI-data=2864  
".\Objects\manip.axf" - 0 Error(s), 10 Warning(s).

<h2>Software Packages used:</h2>

Package Vendor: Keil
                http://www.keil.com/pack/Keil.STM32F1xx_DFP.2.4.0.pack
                Keil.STM32F1xx_DFP.2.4.0
                STMicroelectronics STM32F1 Series Device Support, Drivers and Examples

<h2>Collection of Component include folders:</h2>
  C:\Users\moham\AppData\Local\Arm\Packs\Keil\STM32F1xx_DFP\2.4.0\Device\Include

<h2>Collection of Component Files used:</h2>
Build Time Elapsed:  00:00:01
</pre>
</body>
</html>
